###############################################################################
#
# IAR ELF Linker V8.20.1.14183/W32 for ARM                29/Jun/2018  10:46:13
# Copyright 2007-2017 IAR Systems AB.
#
#    Output file  =  
#        C:\Users\Minos\Documents\STM32WS\2018 Drone_Second\EWARM\2018
#        Drone_Second\Exe\2018 Drone_Second.out
#    Map file     =  
#        C:\Users\Minos\Documents\STM32WS\2018 Drone_Second\EWARM\2018
#        Drone_Second\List\2018 Drone_Second.map
#    Command line =  
#        -f C:\Users\Minos\AppData\Local\Temp\EWC206.tmp
#        ("C:\Users\Minos\Documents\STM32WS\2018 Drone_Second\EWARM\2018
#        Drone_Second\Obj\main.o" "C:\Users\Minos\Documents\STM32WS\2018
#        Drone_Second\EWARM\2018 Drone_Second\Obj\startup_stm32f446xx.o"
#        "C:\Users\Minos\Documents\STM32WS\2018 Drone_Second\EWARM\2018
#        Drone_Second\Obj\stm32f4xx_hal.o"
#        "C:\Users\Minos\Documents\STM32WS\2018 Drone_Second\EWARM\2018
#        Drone_Second\Obj\stm32f4xx_hal_cortex.o"
#        "C:\Users\Minos\Documents\STM32WS\2018 Drone_Second\EWARM\2018
#        Drone_Second\Obj\stm32f4xx_hal_dma.o"
#        "C:\Users\Minos\Documents\STM32WS\2018 Drone_Second\EWARM\2018
#        Drone_Second\Obj\stm32f4xx_hal_dma_ex.o"
#        "C:\Users\Minos\Documents\STM32WS\2018 Drone_Second\EWARM\2018
#        Drone_Second\Obj\stm32f4xx_hal_flash.o"
#        "C:\Users\Minos\Documents\STM32WS\2018 Drone_Second\EWARM\2018
#        Drone_Second\Obj\stm32f4xx_hal_flash_ex.o"
#        "C:\Users\Minos\Documents\STM32WS\2018 Drone_Second\EWARM\2018
#        Drone_Second\Obj\stm32f4xx_hal_flash_ramfunc.o"
#        "C:\Users\Minos\Documents\STM32WS\2018 Drone_Second\EWARM\2018
#        Drone_Second\Obj\stm32f4xx_hal_gpio.o"
#        "C:\Users\Minos\Documents\STM32WS\2018 Drone_Second\EWARM\2018
#        Drone_Second\Obj\stm32f4xx_hal_i2c.o"
#        "C:\Users\Minos\Documents\STM32WS\2018 Drone_Second\EWARM\2018
#        Drone_Second\Obj\stm32f4xx_hal_i2c_ex.o"
#        "C:\Users\Minos\Documents\STM32WS\2018 Drone_Second\EWARM\2018
#        Drone_Second\Obj\stm32f4xx_hal_msp.o"
#        "C:\Users\Minos\Documents\STM32WS\2018 Drone_Second\EWARM\2018
#        Drone_Second\Obj\stm32f4xx_hal_pwr.o"
#        "C:\Users\Minos\Documents\STM32WS\2018 Drone_Second\EWARM\2018
#        Drone_Second\Obj\stm32f4xx_hal_pwr_ex.o"
#        "C:\Users\Minos\Documents\STM32WS\2018 Drone_Second\EWARM\2018
#        Drone_Second\Obj\stm32f4xx_hal_rcc.o"
#        "C:\Users\Minos\Documents\STM32WS\2018 Drone_Second\EWARM\2018
#        Drone_Second\Obj\stm32f4xx_hal_rcc_ex.o"
#        "C:\Users\Minos\Documents\STM32WS\2018 Drone_Second\EWARM\2018
#        Drone_Second\Obj\stm32f4xx_hal_tim.o"
#        "C:\Users\Minos\Documents\STM32WS\2018 Drone_Second\EWARM\2018
#        Drone_Second\Obj\stm32f4xx_hal_tim_ex.o"
#        "C:\Users\Minos\Documents\STM32WS\2018 Drone_Second\EWARM\2018
#        Drone_Second\Obj\stm32f4xx_it.o"
#        "C:\Users\Minos\Documents\STM32WS\2018 Drone_Second\EWARM\2018
#        Drone_Second\Obj\system_stm32f4xx.o" --redirect _Printf=_PrintfFull
#        --redirect _Scanf=_ScanfFull -o "C:\Users\Minos\Documents\STM32WS\2018
#        Drone_Second\EWARM\2018 Drone_Second\Exe\2018 Drone_Second.out" --map
#        "C:\Users\Minos\Documents\STM32WS\2018 Drone_Second\EWARM\2018
#        Drone_Second\List\2018 Drone_Second.map" --config
#        "C:\Users\Minos\Documents\STM32WS\2018
#        Drone_Second\EWARM/stm32f446xx_flash.icf" --semihosting --entry
#        __iar_program_start --vfe --text_out locale)
#
###############################################################################

*******************************************************************************
*** RUNTIME MODEL ATTRIBUTES
***

CppFlavor       = *
__SystemLibrary = DLib
__dlib_version  = 6


*******************************************************************************
*** HEAP SELECTION
***

The basic heap was selected because no calls to memory allocation
functions were found in the application outside of system library
functions, and there are calls to deallocation functions in the
application.


*******************************************************************************
*** PLACEMENT SUMMARY
***

"A0":  place at 0x08000000 { ro section .intvec };
"P1":  place in [from 0x08000000 to 0x0807ffff] { ro };
define block CSTACK with size = 1K, alignment = 8 { };
define block HEAP with size = 512, alignment = 8 { };
"P2":  place in [from 0x20000000 to 0x2001ffff] {
          rw, block CSTACK, block HEAP };
initialize by copy { rw };

  Section            Kind        Address    Size  Object
  -------            ----        -------    ----  ------
"A0":                                      0x1c4
  .intvec            ro code  0x08000000   0x1c4  startup_stm32f446xx.o [1]
                            - 0x080001c4   0x1c4

"P1":                                     0x3841
  .text              ro code  0x080001c4  0x104c  stm32f4xx_hal_i2c.o [1]
  .text              ro code  0x08001210   0x16c  stm32f4xx_hal_msp.o [1]
  .text              ro code  0x0800137c   0x140  stm32f4xx_hal_rcc.o [1]
  .text              ro code  0x080014bc     0xc  stm32f4xx_hal.o [1]
  .text              ro code  0x080014c8     0x2  stm32f4xx_hal_i2c.o [1]
  .text              ro code  0x080014ca     0x2  stm32f4xx_hal_i2c.o [1]
  .text              ro code  0x080014cc     0x2  stm32f4xx_hal_i2c.o [1]
  .text              ro code  0x080014ce     0x2  stm32f4xx_hal_i2c.o [1]
  .text              ro code  0x080014d0     0x2  stm32f4xx_hal_i2c.o [1]
  .text              ro code  0x080014d2     0x2  stm32f4xx_hal_i2c.o [1]
  .text              ro code  0x080014d4     0x2  stm32f4xx_hal_i2c.o [1]
  .text              ro code  0x080014d6     0x2  stm32f4xx_hal_i2c.o [1]
  .text              ro code  0x080014d8    0x24  stm32f4xx_hal_dma.o [1]
  .text              ro code  0x080014fc     0x2  stm32f4xx_hal_i2c.o [1]
  .text              ro code  0x080014fe     0x2  stm32f4xx_hal_i2c.o [1]
  .text              ro code  0x08001500    0xe6  stm32f4xx_hal_cortex.o [1]
  .text              ro code  0x080015e8   0x1dc  stm32f4xx_hal_gpio.o [1]
  .text              ro code  0x080017c4   0x35c  stm32f4xx_hal_rcc_ex.o [1]
  .text              ro code  0x08001b20    0x28  stm32f4xx_hal.o [1]
  .text              ro code  0x08001b48   0x22e  I64DivMod.o [5]
  .text              ro code  0x08001d78     0x2  I64DivZer.o [5]
  .text              ro code  0x08001d7c   0xac8  main.o [1]
  .text              ro code  0x08002844    0x34  stm32f4xx_hal.o [1]
  .text              ro code  0x08002878   0x502  stm32f4xx_hal_tim.o [1]
  .text              ro code  0x08002d7c    0xe0  stm32f4xx_hal_tim_ex.o [1]
  .text              ro code  0x08002e5c    0x78  stm32f4xx_hal_pwr_ex.o [1]
  .text              ro code  0x08002ed4    0x22  S32ToDbl.o [4]
  .text              ro code  0x08002ef6    0x1e  stm32f4xx_hal.o [1]
  .text              ro code  0x08002f14    0xe2  DblSub.o [4]
  .text              ro code  0x08002ff8   0x1a2  DblMul.o [4]
  .text              ro code  0x0800319c   0x178  DblAdd.o [4]
  .text              ro code  0x08003314   0x246  DblDiv.o [4]
  .text              ro code  0x0800355c    0x20  DblCmpEq.o [4]
  .text              ro code  0x0800357c    0x2e  DblCmpLe.o [4]
  .text              ro code  0x080035ac    0x3a  DblToS32.o [4]
  .text              ro code  0x080035e8    0x48  FltToDbl.o [4]
  .text              ro code  0x08003630    0x68  DblToFlt.o [4]
  .text              ro code  0x08003698     0x2  stm32f4xx_hal_tim.o [1]
  .text              ro code  0x0800369a     0x2  stm32f4xx_hal_tim.o [1]
  .text              ro code  0x0800369c     0x2  stm32f4xx_hal_tim_ex.o [1]
  .text              ro code  0x0800369e     0x2  stm32f4xx_hal_tim.o [1]
  .text              ro code  0x080036a0     0x2  stm32f4xx_hal_tim_ex.o [1]
  .text              ro code  0x080036a2     0x2  stm32f4xx_hal_tim.o [1]
  .text              ro code  0x080036a4    0x60  system_stm32f4xx.o [1]
  .text              ro code  0x08003704    0x40  zero_init3.o [5]
  .text              ro code  0x08003744    0x38  packbits_init_single.o [5]
  .text              ro code  0x0800377c    0x34  stm32f4xx_it.o [1]
  .text              ro code  0x080037b0    0x10  stm32f4xx_hal.o [1]
  .text              ro code  0x080037c0    0x28  data_init.o [5]
  .text              ro code  0x080037e8    0x22  fpinit_M.o [4]
  .iar.init_table    const    0x0800380c    0x20  - Linker created -
  .text              ro code  0x0800382c    0x1e  cmain.o [5]
  .text              ro code  0x0800384a     0x4  low_level_init.o [3]
  .text              ro code  0x0800384e     0x4  exit.o [3]
  .text              ro code  0x08003854     0xa  cexit.o [5]
  .text              ro code  0x08003860    0x14  exit.o [6]
  .text              ro code  0x08003874    0x10  startup_stm32f446xx.o [1]
  .text              ro code  0x08003884     0xc  cstartup_M.o [5]
  .rodata            const    0x08003890     0x8  system_stm32f4xx.o [1]
  .text              ro code  0x08003898     0x4  startup_stm32f446xx.o [1]
  .text              ro code  0x0800389c     0x4  startup_stm32f446xx.o [1]
  .text              ro code  0x080038a0     0x4  startup_stm32f446xx.o [1]
  .text              ro code  0x080038a4     0x4  startup_stm32f446xx.o [1]
  .text              ro code  0x080038a8     0x4  startup_stm32f446xx.o [1]
  .text              ro code  0x080038ac     0x4  startup_stm32f446xx.o [1]
  .text              ro code  0x080038b0     0x4  startup_stm32f446xx.o [1]
  .text              ro code  0x080038b4     0x4  startup_stm32f446xx.o [1]
  .text              ro code  0x080038b8     0x4  startup_stm32f446xx.o [1]
  .text              ro code  0x080038bc     0x4  startup_stm32f446xx.o [1]
  .text              ro code  0x080038c0     0x4  startup_stm32f446xx.o [1]
  .text              ro code  0x080038c4     0x4  startup_stm32f446xx.o [1]
  .text              ro code  0x080038c8     0x4  startup_stm32f446xx.o [1]
  .text              ro code  0x080038cc     0x4  startup_stm32f446xx.o [1]
  .text              ro code  0x080038d0     0x4  startup_stm32f446xx.o [1]
  .text              ro code  0x080038d4     0x4  startup_stm32f446xx.o [1]
  .text              ro code  0x080038d8     0x4  startup_stm32f446xx.o [1]
  .text              ro code  0x080038dc     0x4  startup_stm32f446xx.o [1]
  .text              ro code  0x080038e0     0x4  startup_stm32f446xx.o [1]
  .text              ro code  0x080038e4     0x4  startup_stm32f446xx.o [1]
  .text              ro code  0x080038e8     0x4  startup_stm32f446xx.o [1]
  .text              ro code  0x080038ec     0x4  startup_stm32f446xx.o [1]
  .text              ro code  0x080038f0     0x4  startup_stm32f446xx.o [1]
  .text              ro code  0x080038f4     0x4  startup_stm32f446xx.o [1]
  .text              ro code  0x080038f8     0x4  startup_stm32f446xx.o [1]
  .text              ro code  0x080038fc     0x4  startup_stm32f446xx.o [1]
  .text              ro code  0x08003900     0x4  startup_stm32f446xx.o [1]
  .text              ro code  0x08003904     0x4  startup_stm32f446xx.o [1]
  .text              ro code  0x08003908     0x4  startup_stm32f446xx.o [1]
  .text              ro code  0x0800390c     0x4  startup_stm32f446xx.o [1]
  .text              ro code  0x08003910     0x4  startup_stm32f446xx.o [1]
  .text              ro code  0x08003914     0x4  startup_stm32f446xx.o [1]
  .text              ro code  0x08003918     0x4  startup_stm32f446xx.o [1]
  .text              ro code  0x0800391c     0x4  startup_stm32f446xx.o [1]
  .text              ro code  0x08003920     0x4  startup_stm32f446xx.o [1]
  .text              ro code  0x08003924     0x4  startup_stm32f446xx.o [1]
  .text              ro code  0x08003928     0x4  startup_stm32f446xx.o [1]
  .text              ro code  0x0800392c     0x4  startup_stm32f446xx.o [1]
  .text              ro code  0x08003930     0x4  startup_stm32f446xx.o [1]
  .text              ro code  0x08003934     0x4  startup_stm32f446xx.o [1]
  .text              ro code  0x08003938     0x4  startup_stm32f446xx.o [1]
  .text              ro code  0x0800393c     0x4  startup_stm32f446xx.o [1]
  .text              ro code  0x08003940     0x4  startup_stm32f446xx.o [1]
  .text              ro code  0x08003944     0x4  startup_stm32f446xx.o [1]
  .text              ro code  0x08003948     0x4  startup_stm32f446xx.o [1]
  .text              ro code  0x0800394c     0x4  startup_stm32f446xx.o [1]
  .text              ro code  0x08003950     0x4  startup_stm32f446xx.o [1]
  .text              ro code  0x08003954     0x4  startup_stm32f446xx.o [1]
  .text              ro code  0x08003958     0x4  startup_stm32f446xx.o [1]
  .text              ro code  0x0800395c     0x4  startup_stm32f446xx.o [1]
  .text              ro code  0x08003960     0x4  startup_stm32f446xx.o [1]
  .text              ro code  0x08003964     0x4  startup_stm32f446xx.o [1]
  .text              ro code  0x08003968     0x4  startup_stm32f446xx.o [1]
  .text              ro code  0x0800396c     0x4  startup_stm32f446xx.o [1]
  .text              ro code  0x08003970     0x4  startup_stm32f446xx.o [1]
  .text              ro code  0x08003974     0x4  startup_stm32f446xx.o [1]
  .text              ro code  0x08003978     0x4  startup_stm32f446xx.o [1]
  .text              ro code  0x0800397c     0x4  startup_stm32f446xx.o [1]
  .text              ro code  0x08003980     0x4  startup_stm32f446xx.o [1]
  .text              ro code  0x08003984     0x4  startup_stm32f446xx.o [1]
  .text              ro code  0x08003988     0x4  startup_stm32f446xx.o [1]
  .text              ro code  0x0800398c     0x4  startup_stm32f446xx.o [1]
  .text              ro code  0x08003990     0x4  startup_stm32f446xx.o [1]
  .text              ro code  0x08003994     0x4  startup_stm32f446xx.o [1]
  .text              ro code  0x08003998     0x4  startup_stm32f446xx.o [1]
  .text              ro code  0x0800399c     0x4  startup_stm32f446xx.o [1]
  .text              ro code  0x080039a0     0x4  startup_stm32f446xx.o [1]
  .text              ro code  0x080039a4     0x4  startup_stm32f446xx.o [1]
  .text              ro code  0x080039a8     0x4  startup_stm32f446xx.o [1]
  .text              ro code  0x080039ac     0x4  startup_stm32f446xx.o [1]
  .text              ro code  0x080039b0     0x4  startup_stm32f446xx.o [1]
  .text              ro code  0x080039b4     0x4  startup_stm32f446xx.o [1]
  .text              ro code  0x080039b8     0x4  startup_stm32f446xx.o [1]
  .text              ro code  0x080039bc     0x4  startup_stm32f446xx.o [1]
  .text              ro code  0x080039c0     0x4  startup_stm32f446xx.o [1]
  .text              ro code  0x080039c4     0x4  startup_stm32f446xx.o [1]
  .text              ro code  0x080039c8     0x4  startup_stm32f446xx.o [1]
  .text              ro code  0x080039cc     0x4  startup_stm32f446xx.o [1]
  .text              ro code  0x080039d0     0x4  startup_stm32f446xx.o [1]
  .text              ro code  0x080039d4     0x4  startup_stm32f446xx.o [1]
  .text              ro code  0x080039d8     0x4  startup_stm32f446xx.o [1]
  .text              ro code  0x080039dc     0x4  startup_stm32f446xx.o [1]
  .text              ro code  0x080039e0     0x4  startup_stm32f446xx.o [1]
  .rodata            const    0x080039e4     0x0  zero_init3.o [5]
  .rodata            const    0x080039e4     0x0  packbits_init_single.o [5]
  Initializer bytes  const    0x080039e4    0x21  <for P2-1>
                            - 0x08003a05  0x3841

"P2", part 1 of 3:                         0x14c
  P2-1                        0x20000000   0x14c  <Init block>
    .data            inited   0x20000000   0x148  main.o [1]
    .data            inited   0x20000148     0x4  system_stm32f4xx.o [1]
                            - 0x2000014c   0x14c

"P2", part 2 of 3:                         0x1e8
  .bss               zero     0x20000150    0xa8  main.o [1]
  .bss               zero     0x200001f8    0xa8  main.o [1]
  .bss               zero     0x200002a0    0x54  main.o [1]
  .bss               zero     0x200002f4    0x3c  main.o [1]
  .bss               zero     0x20000330     0x4  stm32f4xx_hal.o [1]
                            - 0x20000334   0x1e8

"P2", part 3 of 3:                         0x400
  CSTACK                      0x20000338   0x400  <Block>
    CSTACK           uninit   0x20000338   0x400  <Block tail>
                            - 0x20000738   0x400


*******************************************************************************
*** INIT TABLE
***

          Address     Size
          -------     ----
Zero (__iar_zero_init3)
    1 destination range, total size 0x1e4:
          0x20000150  0x1e4

Copy/packbits (__iar_packbits_init_single3)
    1 source range, total size 0x21 (9% of destination):
          0x080039e4   0x21
    1 destination range, total size 0x14c:
          0x20000000  0x14c



*******************************************************************************
*** MODULE SUMMARY
***

    Module                  ro code  ro data  rw data
    ------                  -------  -------  -------
C:\Users\Minos\Documents\STM32WS\2018 Drone_Second\EWARM\2018 Drone_Second\Obj: [1]
    main.o                    2 760       32      808
    startup_stm32f446xx.o       800
    stm32f4xx_hal.o             150                 4
    stm32f4xx_hal_cortex.o      230
    stm32f4xx_hal_dma.o          36
    stm32f4xx_hal_gpio.o        476
    stm32f4xx_hal_i2c.o       4 192
    stm32f4xx_hal_msp.o         364
    stm32f4xx_hal_pwr_ex.o      120
    stm32f4xx_hal_rcc.o         320
    stm32f4xx_hal_rcc_ex.o      860
    stm32f4xx_hal_tim.o       1 290
    stm32f4xx_hal_tim_ex.o      228
    stm32f4xx_it.o               52
    system_stm32f4xx.o           96        9        4
    -------------------------------------------------
    Total:                   11 974       41      816

command line: [2]
    -------------------------------------------------
    Total:

dl7M_tlf.a: [3]
    exit.o                        4
    low_level_init.o              4
    -------------------------------------------------
    Total:                        8

m7M_tls.a: [4]
    DblAdd.o                    376
    DblCmpEq.o                   32
    DblCmpLe.o                   46
    DblDiv.o                    582
    DblMul.o                    418
    DblSub.o                    226
    DblToFlt.o                  104
    DblToS32.o                   58
    FltToDbl.o                   72
    S32ToDbl.o                   34
    fpinit_M.o                   34
    -------------------------------------------------
    Total:                    1 982

rt7M_tl.a: [5]
    I64DivMod.o                 558
    I64DivZer.o                   2
    cexit.o                      10
    cmain.o                      30
    cstartup_M.o                 12
    data_init.o                  40
    packbits_init_single.o       56
    zero_init3.o                 64
    -------------------------------------------------
    Total:                      772

shb_l.a: [6]
    exit.o                       20
    -------------------------------------------------
    Total:                       20

    Gaps                         22        2        4
    Linker created                        32    1 024
-----------------------------------------------------
    Grand Total:             14 778       75    1 844


*******************************************************************************
*** ENTRY LIST
***

Entry                      Address   Size  Type      Object
-----                      -------   ----  ----      ------
.iar.init_table$$Base   0x0800380c          --   Gb  - Linker created -
.iar.init_table$$Limit  0x0800382c          --   Gb  - Linker created -
?main                   0x0800382d         Code  Gb  cmain.o [5]
AHBPrescTable           0x080036f4   0x10  Data  Gb  system_stm32f4xx.o [1]
APBPrescTable           0x08003890    0x8  Data  Gb  system_stm32f4xx.o [1]
Accel_X                 0x20000000    0x2  Data  Gb  main.o [1]
Accel_Y                 0x20000002    0x2  Data  Gb  main.o [1]
Accel_Z                 0x20000004    0x2  Data  Gb  main.o [1]
Angle_X                 0x20000048    0x8  Data  Gb  main.o [1]
Angle_Y                 0x20000050    0x8  Data  Gb  main.o [1]
Angular_Control         0x080026c9  0x11e  Code  Gb  main.o [1]
BusFault_Handler        0x08003783    0x2  Code  Gb  stm32f4xx_it.o [1]
CSTACK$$Base            0x20000338          --   Gb  - Linker created -
CSTACK$$Limit           0x20000738          --   Gb  - Linker created -
DebugMon_Handler        0x08003789    0x2  Code  Gb  stm32f4xx_it.o [1]
Gyro_X                  0x20000006    0x2  Data  Gb  main.o [1]
Gyro_Y                  0x20000008    0x2  Data  Gb  main.o [1]
Gyro_Z                  0x2000000a    0x2  Data  Gb  main.o [1]
HAL_DMA_Abort_IT        0x080014d9   0x24  Code  Gb  stm32f4xx_hal_dma.o [1]
HAL_Delay               0x08002ef7   0x1e  Code  Wk  stm32f4xx_hal.o [1]
HAL_GPIO_Init           0x080015e9  0x1a8  Code  Gb  stm32f4xx_hal_gpio.o [1]
HAL_GPIO_ReadPin        0x08001791    0xc  Code  Gb  stm32f4xx_hal_gpio.o [1]
HAL_GetTick             0x080014bd    0xc  Code  Wk  stm32f4xx_hal.o [1]
HAL_I2C_EV_IRQHandler   0x0800064b  0x20e  Code  Gb  stm32f4xx_hal_i2c.o [1]
HAL_I2C_Init            0x080001c5   0xc8  Code  Gb  stm32f4xx_hal_i2c.o [1]
HAL_I2C_Mem_Read        0x08000407  0x11c  Code  Gb  stm32f4xx_hal_i2c.o [1]
HAL_I2C_Mem_Write       0x080002d3   0xc6  Code  Gb  stm32f4xx_hal_i2c.o [1]
HAL_I2C_MspInit         0x08001281   0x54  Code  Gb  stm32f4xx_hal_msp.o [1]
HAL_IncTick             0x080037b1   0x10  Code  Wk  stm32f4xx_hal.o [1]
HAL_Init                0x08002845   0x30  Code  Gb  stm32f4xx_hal.o [1]
HAL_InitTick            0x08001b21   0x28  Code  Wk  stm32f4xx_hal.o [1]
HAL_MspInit             0x08001211   0x70  Code  Gb  stm32f4xx_hal_msp.o [1]
HAL_NVIC_EnableIRQ      0x08001573    0xa  Code  Gb  stm32f4xx_hal_cortex.o [1]
HAL_NVIC_SetPriority    0x08001539   0x3a  Code  Gb  stm32f4xx_hal_cortex.o [1]
HAL_NVIC_SetPriorityGrouping
                        0x0800151f   0x1a  Code  Gb  stm32f4xx_hal_cortex.o [1]
HAL_PWREx_EnableOverDrive
                        0x08002e5d   0x48  Code  Gb  stm32f4xx_hal_pwr_ex.o [1]
HAL_RCC_ClockConfig     0x0800137d   0xfe  Code  Gb  stm32f4xx_hal_rcc.o [1]
HAL_RCC_GetHCLKFreq     0x08001487    0x6  Code  Gb  stm32f4xx_hal_rcc.o [1]
HAL_RCC_GetPCLK1Freq    0x0800148d   0x10  Code  Gb  stm32f4xx_hal_rcc.o [1]
HAL_RCC_GetSysClockFreq
                        0x080017c5   0x42  Code  Gb  stm32f4xx_hal_rcc_ex.o [1]
HAL_RCC_OscConfig       0x0800181f  0x2cc  Code  Gb  stm32f4xx_hal_rcc_ex.o [1]
HAL_SYSTICK_CLKSourceConfig
                        0x080015af   0x1a  Code  Gb  stm32f4xx_hal_cortex.o [1]
HAL_SYSTICK_Config      0x08001587   0x28  Code  Gb  stm32f4xx_hal_cortex.o [1]
HAL_SYSTICK_IRQHandler  0x080015e1    0x4  Code  Gb  stm32f4xx_hal_cortex.o [1]
HAL_TIMEx_BreakCallback
                        0x0800369d    0x2  Code  Wk  stm32f4xx_hal_tim_ex.o [1]
HAL_TIMEx_CommutationCallback
                        0x080036a1    0x2  Code  Wk  stm32f4xx_hal_tim_ex.o [1]
HAL_TIMEx_ConfigBreakDeadTime
                        0x08002deb   0x5a  Code  Gb  stm32f4xx_hal_tim_ex.o [1]
HAL_TIMEx_MasterConfigSynchronization
                        0x08002da1   0x4a  Code  Gb  stm32f4xx_hal_tim_ex.o [1]
HAL_TIMEx_PWMN_Start    0x08002d7d    0xa  Code  Gb  stm32f4xx_hal_tim_ex.o [1]
HAL_TIM_Base_Init       0x08002879   0x1a  Code  Gb  stm32f4xx_hal_tim.o [1]
HAL_TIM_Base_MspInit    0x080012fb   0x36  Code  Gb  stm32f4xx_hal_msp.o [1]
HAL_TIM_Base_Start_IT   0x08002893   0x16  Code  Gb  stm32f4xx_hal_tim.o [1]
HAL_TIM_IRQHandler      0x0800292d  0x142  Code  Gb  stm32f4xx_hal_tim.o [1]
HAL_TIM_MspPostInit     0x08001331   0x2e  Code  Gb  stm32f4xx_hal_msp.o [1]
HAL_TIM_PWM_ConfigChannel
                        0x08002a75   0xc0  Code  Gb  stm32f4xx_hal_tim.o [1]
HAL_TIM_PWM_Init        0x080028d3   0x1a  Code  Gb  stm32f4xx_hal_tim.o [1]
HAL_TIM_PWM_MspInit     0x080012d5   0x26  Code  Gb  stm32f4xx_hal_msp.o [1]
HAL_TIM_PWM_Start       0x080028ed   0x14  Code  Gb  stm32f4xx_hal_tim.o [1]
HAL_TIM_PeriodElapsedCallback
                        0x08002089  0x11c  Code  Gb  main.o [1]
HardFault_Handler       0x0800377f    0x2  Code  Gb  stm32f4xx_it.o [1]
I2C1_EV_IRQHandler      0x0800379d    0x6  Code  Gb  stm32f4xx_it.o [1]
I2C_DMAAbort            0x08000fc9   0x50  Code  Lc  stm32f4xx_hal_i2c.o [1]
I2C_ITError             0x08000d1b   0xde  Code  Lc  stm32f4xx_hal_i2c.o [1]
I2C_IsAcknowledgeFailed
                        0x080011e9   0x28  Code  Lc  stm32f4xx_hal_i2c.o [1]
I2C_MasterReceive_BTF   0x08000a57   0x86  Code  Lc  stm32f4xx_hal_i2c.o [1]
I2C_MasterReceive_RXNE  0x080009df   0x6c  Code  Lc  stm32f4xx_hal_i2c.o [1]
I2C_MasterTransmit_BTF  0x08000945   0x48  Code  Lc  stm32f4xx_hal_i2c.o [1]
I2C_MasterTransmit_TXE  0x0800087d   0xc8  Code  Lc  stm32f4xx_hal_i2c.o [1]
I2C_Master_ADDR         0x08000afd  0x110  Code  Lc  stm32f4xx_hal_i2c.o [1]
I2C_RequestMemoryRead   0x08000ee7   0xac  Code  Lc  stm32f4xx_hal_i2c.o [1]
I2C_RequestMemoryWrite  0x08000e35   0x84  Code  Lc  stm32f4xx_hal_i2c.o [1]
I2C_Slave_STOPF         0x08000c45   0xd6  Code  Lc  stm32f4xx_hal_i2c.o [1]
I2C_WaitOnBTFFlagUntilTimeout
                        0x0800113b   0x34  Code  Lc  stm32f4xx_hal_i2c.o [1]
I2C_WaitOnFlagUntilTimeout
                        0x08001019   0x6c  Code  Lc  stm32f4xx_hal_i2c.o [1]
I2C_WaitOnMasterAddressFlagUntilTimeout
                        0x08001085   0x82  Code  Lc  stm32f4xx_hal_i2c.o [1]
I2C_WaitOnRXNEFlagUntilTimeout
                        0x08001189   0x52  Code  Lc  stm32f4xx_hal_i2c.o [1]
I2C_WaitOnTXEFlagUntilTimeout
                        0x08001107   0x34  Code  Lc  stm32f4xx_hal_i2c.o [1]
Kal_X                   0x20000088   0x60  Data  Gb  main.o [1]
Kal_Y                   0x200000e8   0x60  Data  Gb  main.o [1]
MPU9250_Read            0x08002275   0x28  Code  Gb  main.o [1]
MPU9250_Write_bits      0x080021e5   0x90  Code  Gb  main.o [1]
MX_TIM1_Init            0x08001fd3   0xaa  Code  Lc  main.o [1]
MemManage_Handler       0x08003781    0x2  Code  Gb  stm32f4xx_it.o [1]
NMI_Handler             0x0800377d    0x2  Code  Gb  stm32f4xx_it.o [1]
NVIC_SetPriority        0x08001501   0x1e  Code  Lc  stm32f4xx_hal_cortex.o [1]
PID_Control             0x08002591  0x136  Code  Gb  main.o [1]
PID_Control_Initialize  0x08002559   0x38  Code  Gb  main.o [1]
PendSV_Handler          0x0800378b    0x2  Code  Gb  stm32f4xx_it.o [1]
RCC_IRQHandler          0x0800379b    0x2  Code  Gb  stm32f4xx_it.o [1]
Region$$Table$$Base     0x0800380c          --   Gb  - Linker created -
Region$$Table$$Limit    0x0800382c          --   Gb  - Linker created -
SVC_Handler             0x08003787    0x2  Code  Gb  stm32f4xx_it.o [1]
SysTick_Handler         0x0800378d    0xe  Code  Gb  stm32f4xx_it.o [1]
SystemClock_Config      0x08001f1b   0xb8  Code  Gb  main.o [1]
SystemCoreClock         0x20000148    0x4  Data  Gb  system_stm32f4xx.o [1]
SystemInit              0x080036a5   0x3a  Code  Gb  system_stm32f4xx.o [1]
TIM6_DAC_IRQHandler     0x080037a3    0x6  Code  Gb  stm32f4xx_it.o [1]
TIM_Base_SetConfig      0x08002b5d   0x8e  Code  Gb  stm32f4xx_hal_tim.o [1]
TIM_CCxChannelCmd       0x08002c47   0x14  Code  Gb  stm32f4xx_hal_tim.o [1]
TIM_CCxNChannelCmd      0x08002e45   0x18  Code  Lc  stm32f4xx_hal_tim_ex.o [1]
TIM_OC1_SetConfig       0x08002c5b   0x4a  Code  Lc  stm32f4xx_hal_tim.o [1]
TIM_OC2_SetConfig       0x08002bed   0x58  Code  Gb  stm32f4xx_hal_tim.o [1]
TIM_OC3_SetConfig       0x08002ca5   0x50  Code  Lc  stm32f4xx_hal_tim.o [1]
TIM_OC4_SetConfig       0x08002d01   0x46  Code  Lc  stm32f4xx_hal_tim.o [1]
UsageFault_Handler      0x08003785    0x2  Code  Gb  stm32f4xx_it.o [1]
__aeabi_cdcmpeq         0x0800355d         Code  Gb  DblCmpEq.o [4]
__aeabi_cdcmple         0x0800357d         Code  Gb  DblCmpLe.o [4]
__aeabi_d2f             0x08003631         Code  Gb  DblToFlt.o [4]
__aeabi_d2iz            0x080035ad         Code  Gb  DblToS32.o [4]
__aeabi_dadd            0x0800319d         Code  Gb  DblAdd.o [4]
__aeabi_ddiv            0x08003315         Code  Gb  DblDiv.o [4]
__aeabi_dmul            0x08002ff9         Code  Gb  DblMul.o [4]
__aeabi_dsub            0x08002f15         Code  Gb  DblSub.o [4]
__aeabi_f2d             0x080035e9         Code  Gb  FltToDbl.o [4]
__aeabi_i2d             0x08002ed5         Code  Gb  S32ToDbl.o [4]
__aeabi_ldiv0           0x08001d79         Code  Gb  I64DivZer.o [5]
__aeabi_uldivmod        0x08001b49         Code  Gb  I64DivMod.o [5]
__cmain                 0x0800382d         Code  Gb  cmain.o [5]
__exit                  0x08003861   0x14  Code  Gb  exit.o [6]
__iar_dadd              0x08002f25         Code  Gb  DblSub.o [4]
__iar_data_init3        0x080037c1   0x28  Code  Gb  data_init.o [5]
__iar_dsub              0x080031ad         Code  Gb  DblAdd.o [4]
__iar_dsubStart         0x080031bf         Code  Gb  DblAdd.o [4]
__iar_init_vfp          0x080037e9         Code  Gb  fpinit_M.o [4]
__iar_packbits_init_single3
                        0x08003745   0x38  Code  Gb  packbits_init_single.o [5]
__iar_program_start     0x08003885         Code  Gb  cstartup_M.o [5]
__iar_systems$$module {Abs}
                        0x00000001         Data  Gb  command line/config [2]
__iar_zero_init3        0x08003705   0x40  Code  Gb  zero_init3.o [5]
__low_level_init        0x0800384b    0x4  Code  Gb  low_level_init.o [3]
__vector_table          0x08000000         Data  Gb  startup_stm32f446xx.o [1]
_call_main              0x08003839         Code  Gb  cmain.o [5]
_exit                   0x08003855         Code  Gb  cexit.o [5]
_main                   0x08003847         Code  Gb  cmain.o [5]
attitude_X              0x20000150   0xa8  Data  Gb  main.o [1]
attitude_Y              0x200001f8   0xa8  Data  Gb  main.o [1]
exit                    0x0800384f    0x4  Code  Gb  exit.o [3]
getKalman               0x0800236d  0x1a6  Code  Gb  main.o [1]
hi2c1                   0x200002a0   0x54  Data  Gb  main.o [1]
htim1                   0x2000000c   0x3c  Data  Gb  main.o [1]
htim6                   0x200002f4   0x3c  Data  Gb  main.o [1]
init_MPU9250            0x0800229d   0x46  Code  Gb  main.o [1]
kalman_Init             0x0800252d   0x2a  Code  Gb  main.o [1]
main                    0x08001d7d  0x16e  Code  Gb  main.o [1]
motorInit               0x2000006c    0x4  Data  Gb  main.o [1]
motorPWM1               0x20000070    0x4  Data  Gb  main.o [1]
motorPWM2               0x20000074    0x4  Data  Gb  main.o [1]
motorPWM3               0x20000078    0x4  Data  Gb  main.o [1]
motorPWM4               0x2000007c    0x4  Data  Gb  main.o [1]
motorValue              0x20000080    0x4  Data  Gb  main.o [1]
read_MPU9250_data       0x080022e3   0x80  Code  Gb  main.o [1]
target_Angle_X          0x20000058    0x8  Data  Gb  main.o [1]
target_Angle_Y          0x20000060    0x8  Data  Gb  main.o [1]
test                    0x20000068    0x4  Data  Gb  main.o [1]
uwTick                  0x20000330    0x4  Data  Gb  stm32f4xx_hal.o [1]


[1] = C:\Users\Minos\Documents\STM32WS\2018 Drone_Second\EWARM\2018 Drone_Second\Obj
[2] = command line
[3] = dl7M_tlf.a
[4] = m7M_tls.a
[5] = rt7M_tl.a
[6] = shb_l.a

  14 778 bytes of readonly  code memory
      75 bytes of readonly  data memory
   1 844 bytes of readwrite data memory

Errors: none
Warnings: none
